---
source: common/proto-utils/src/tests.rs
expression: any.value
---
[
    8,
    42,
]
