---
source: solana/solana-ibc/programs/solana-ibc/src/events.rs
expression: serialised
---
[
    2,
    0,
    0,
    0,
    0,
    0,
    0,
    0,
    0,
    0,
    0,
    0,
    0,
    0,
    0,
    0,
    0,
    0,
    0,
    0,
    0,
    0,
    0,
    0,
    0,
    0,
    0,
    0,
    0,
    0,
    0,
    0,
    0,
    0,
    0,
    0,
    0,
    0,
    0,
    0,
    0,
    0,
    42,
    0,
    0,
    0,
    0,
    0,
    0,
    0,
    24,
    0,
    0,
    0,
    0,
    0,
    0,
    0,
    0,
    0,
    0,
    66,
    0,
    0,
    0,
    66,
    0,
    0,
    0,
    66,
    0,
    0,
    0,
    66,
    0,
    0,
    0,
    66,
    0,
    0,
    0,
    66,
    0,
    0,
    0,
    66,
    0,
    0,
    0,
    66,
    0,
    0,
    0,
    0,
    0,
    0,
    0,
    0,
    0,
    0,
    0,
    0,
    0,
    0,
    0,
    0,
    0,
    0,
    0,
    0,
    0,
    0,
    0,
    0,
    0,
    0,
    0,
    0,
    0,
    0,
    0,
    0,
    1,
    0,
    2,
    0,
    0,
    0,
    0,
    0,
    0,
    0,
    80,
    0,
    0,
    0,
    80,
    0,
    0,
    0,
    80,
    0,
    0,
    0,
    80,
    0,
    0,
    0,
    80,
    0,
    0,
    0,
    80,
    0,
    0,
    0,
    80,
    0,
    0,
    0,
    80,
    10,
    0,
    0,
    0,
    0,
    0,
    0,
    0,
    0,
    0,
    0,
    0,
    0,
    0,
    0,
    0,
    0,
    0,
    0,
    0,
    81,
    0,
    0,
    0,
    81,
    0,
    0,
    0,
    81,
    0,
    0,
    0,
    81,
    0,
    0,
    0,
    81,
    0,
    0,
    0,
    81,
    0,
    0,
    0,
    81,
    0,
    0,
    0,
    81,
    10,
    0,
    0,
    0,
    0,
    0,
    0,
    0,
    0,
    0,
    0,
    0,
    0,
    0,
    0,
    0,
    11,
    0,
    0,
    0,
    0,
    0,
    0,
    0,
    0,
    0,
    0,
    0,
    0,
    0,
    0,
    0,
]
