---
source: solana/signature-verifier/src/ed25519_program.rs
expression: data.as_slice()
---
[
    1,
    0,
    23,
    0,
    255,
    255,
    87,
    0,
    255,
    255,
    16,
    0,
    7,
    0,
    255,
    255,
    109,
    101,
    115,
    115,
    97,
    103,
    101,
    223,
    236,
    81,
    97,
    178,
    101,
    43,
    11,
    86,
    133,
    68,
    49,
    8,
    69,
    30,
    93,
    177,
    43,
    93,
    145,
    253,
    208,
    52,
    161,
    177,
    117,
    161,
    67,
    24,
    139,
    249,
    253,
    156,
    131,
    182,
    122,
    246,
    36,
    24,
    64,
    106,
    235,
    202,
    49,
    204,
    47,
    41,
    15,
    237,
    153,
    62,
    236,
    1,
    214,
    12,
    146,
    251,
    18,
    5,
    221,
    202,
    213,
    35,
    15,
    18,
    10,
    242,
    85,
    239,
    109,
    138,
    32,
    37,
    117,
    17,
    6,
    184,
    125,
    216,
    16,
    222,
    201,
    241,
    41,
    225,
    95,
    171,
    115,
    85,
    114,
    249,
    152,
    205,
    71,
    25,
    89,
]
